
  [32m[1mVITE[22m v5.4.21[39m  [2mready in [0m[1m348[22m[2m[0m ms[22m

  [32m➜[39m  [1mLocal[22m:   [36mhttp://localhost:[1m5173[22m/[39m
  [32m➜[39m  [1mNetwork[22m: [36mhttp://10.82.78.86:[1m5173[22m/[39m
[2m19:40:42[22m [36m[1m[vite][22m[39m [32mhmr update [39m[2m/src/components/Canvas.jsx[22m
[2m19:40:51[22m [36m[1m[vite][22m[39m [32mhmr update [39m[2m/src/components/Canvas.jsx[22m
[2m19:41:06[22m [36m[1m[vite][22m[39m [32mhmr update [39m[2m/src/components/Canvas.jsx[22m
[2m19:41:11[22m [36m[1m[vite][22m[39m [32mhmr update [39m[2m/src/components/Canvas.jsx[22m
[2m19:41:16[22m [36m[1m[vite][22m[39m [32mhmr update [39m[2m/src/components/Canvas.jsx[22m
[2m19:41:22[22m [36m[1m[vite][22m[39m [32mhmr update [39m[2m/src/components/Canvas.jsx[22m
[2m19:48:31[22m [36m[1m[vite][22m[39m [32mhmr update [39m[2m/src/components/Canvas.jsx[22m
[2m19:48:40[22m [36m[1m[vite][22m[39m [32mhmr update [39m[2m/src/components/Canvas.jsx[22m
[2m19:48:47[22m [36m[1m[vite][22m[39m [32mhmr update [39m[2m/src/components/Canvas.jsx[22m
[2m19:49:04[22m [36m[1m[vite][22m[39m [32mhmr update [39m[2m/src/components/Canvas.jsx[22m
[2m19:49:09[22m [36m[1m[vite][22m[39m [32mhmr update [39m[2m/src/components/Canvas.jsx[22m
[2m19:59:00[22m [36m[1m[vite][22m[39m [32mhmr update [39m[2m/src/components/LogicPanel.jsx[22m
[2m19:59:04[22m [36m[1m[vite][22m[39m [32mhmr update [39m[2m/src/App.css[22m
[2m19:59:08[22m [36m[1m[vite][22m[39m [32mhmr update [39m[2m/src/components/LogicPanel.jsx[22m
[2m19:59:14[22m [36m[1m[vite][22m[39m [32mhmr update [39m[2m/src/components/LogicPanel.jsx[22m
[2m19:59:19[22m [36m[1m[vite][22m[39m [32mhmr update [39m[2m/src/components/LogicPanel.jsx[22m
[2m19:59:23[22m [36m[1m[vite][22m[39m [32mhmr update [39m[2m/src/components/LogicPanel.jsx[22m
[2m19:59:26[22m [36m[1m[vite][22m[39m [32mhmr update [39m[2m/src/components/LogicPanel.jsx[22m
[2m20:44:35[22m [36m[1m[vite][22m[39m [32mhmr update [39m[2m/src/components/Canvas.jsx[22m
[2m20:47:26[22m [36m[1m[vite][22m[39m [32mhmr update [39m[2m/src/components/Canvas.jsx[22m
[2m20:47:48[22m [36m[1m[vite][22m[39m [32mhmr update [39m[2m/src/components/Canvas.jsx[22m
[2m20:47:57[22m [36m[1m[vite][22m[39m [32mhmr update [39m[2m/src/components/Canvas.jsx[22m
[2m21:01:34[22m [36m[1m[vite][22m[39m [32mhmr update [39m[2m/src/components/Canvas.jsx[22m
[2m21:02:02[22m [36m[1m[vite][22m[39m [32mhmr update [39m[2m/src/components/Canvas.jsx[22m
